
> bionvibe2@0.1.0 build
> next build

   ▲ Next.js 15.1.3
   - Environments: .env.local

   Creating an optimized production build ...
 ✓ Compiled successfully
   Linting and checking validity of types ...

./app/apps/animal-face-match/page.tsx
220:17  Warning: Using `<img>` could result in slower LCP and higher bandwidth. Consider using `<Image />` from `next/image` or a custom image loader to automatically optimize images. This may incur additional usage or cost from your provider. See: https://nextjs.org/docs/messages/no-img-element  @next/next/no-img-element
282:17  Warning: Using `<img>` could result in slower LCP and higher bandwidth. Consider using `<Image />` from `next/image` or a custom image loader to automatically optimize images. This may incur additional usage or cost from your provider. See: https://nextjs.org/docs/messages/no-img-element  @next/next/no-img-element

./app/apps/color-finder-game/page.tsx
51:6  Warning: React Hook useEffect has a missing dependency: 'endGame'. Either include it or remove the dependency array.  react-hooks/exhaustive-deps

./app/apps/face-shape/page.tsx
285:19  Warning: Using `<img>` could result in slower LCP and higher bandwidth. Consider using `<Image />` from `next/image` or a custom image loader to automatically optimize images. This may incur additional usage or cost from your provider. See: https://nextjs.org/docs/messages/no-img-element  @next/next/no-img-element

./app/apps/games-puzzle/page.tsx
153:9  Warning: The 'initialPuzzles' array makes the dependencies of useCallback Hook (at line 188) change on every render. Move it inside the useCallback callback. Alternatively, wrap the initialization of 'initialPuzzles' in its own useMemo() Hook.  react-hooks/exhaustive-deps

./app/apps/lifestyle-face-fortune/page.tsx
220:17  Warning: Using `<img>` could result in slower LCP and higher bandwidth. Consider using `<Image />` from `next/image` or a custom image loader to automatically optimize images. This may incur additional usage or cost from your provider. See: https://nextjs.org/docs/messages/no-img-element  @next/next/no-img-element

./app/apps/lifestyle-palm-reading/page.tsx
229:19  Warning: Using `<img>` could result in slower LCP and higher bandwidth. Consider using `<Image />` from `next/image` or a custom image loader to automatically optimize images. This may incur additional usage or cost from your provider. See: https://nextjs.org/docs/messages/no-img-element  @next/next/no-img-element

./app/components/BionChat.tsx
58:6  Warning: React Hook useEffect has a missing dependency: 'loadMessages'. Either include it or remove the dependency array.  react-hooks/exhaustive-deps

./app/components/CategoryCard.tsx
19:9  Warning: Using `<img>` could result in slower LCP and higher bandwidth. Consider using `<Image />` from `next/image` or a custom image loader to automatically optimize images. This may incur additional usage or cost from your provider. See: https://nextjs.org/docs/messages/no-img-element  @next/next/no-img-element

./app/secret/contacts/page.tsx
101:6  Warning: React Hook useEffect has a missing dependency: 'loadContacts'. Either include it or remove the dependency array.  react-hooks/exhaustive-deps
122:6  Warning: React Hook useEffect has a missing dependency: 'loadContacts'. Either include it or remove the dependency array.  react-hooks/exhaustive-deps

./app/secret/guestbook/page.tsx
40:6  Warning: React Hook useEffect has a missing dependency: 'loadMessages'. Either include it or remove the dependency array.  react-hooks/exhaustive-deps

./app/secret/image-manager/page.tsx
259:17  Warning: Using `<img>` could result in slower LCP and higher bandwidth. Consider using `<Image />` from `next/image` or a custom image loader to automatically optimize images. This may incur additional usage or cost from your provider. See: https://nextjs.org/docs/messages/no-img-element  @next/next/no-img-element
282:19  Warning: Using `<img>` could result in slower LCP and higher bandwidth. Consider using `<Image />` from `next/image` or a custom image loader to automatically optimize images. This may incur additional usage or cost from your provider. See: https://nextjs.org/docs/messages/no-img-element  @next/next/no-img-element
371:19  Warning: Using `<img>` could result in slower LCP and higher bandwidth. Consider using `<Image />` from `next/image` or a custom image loader to automatically optimize images. This may incur additional usage or cost from your provider. See: https://nextjs.org/docs/messages/no-img-element  @next/next/no-img-element

./app/secret/page.tsx
254:25  Warning: Using `<img>` could result in slower LCP and higher bandwidth. Consider using `<Image />` from `next/image` or a custom image loader to automatically optimize images. This may incur additional usage or cost from your provider. See: https://nextjs.org/docs/messages/no-img-element  @next/next/no-img-element

./lib/quit-smoking-crisis-management.js
1:1  Warning: Assign object to a variable before exporting as module default  import/no-anonymous-default-export

./lib/quit-smoking-crisis-management.ts
1:1  Warning: Assign object to a variable before exporting as module default  import/no-anonymous-default-export

./lib/quit-smoking-health-milestones.js
1:1  Warning: Assign object to a variable before exporting as module default  import/no-anonymous-default-export

./lib/quit-smoking-health-milestones.ts
1:1  Warning: Assign object to a variable before exporting as module default  import/no-anonymous-default-export

./lib/quit-smoking-motivation.js
1:1  Warning: Assign object to a variable before exporting as module default  import/no-anonymous-default-export

./lib/quit-smoking-motivation.ts
1:1  Warning: Assign object to a variable before exporting as module default  import/no-anonymous-default-export

./lib/quit-smoking-savings-goals.js
1:1  Warning: Assign object to a variable before exporting as module default  import/no-anonymous-default-export

./lib/quit-smoking-savings-goals.ts
1:1  Warning: Assign object to a variable before exporting as module default  import/no-anonymous-default-export

./lib/quit-smoking-withdrawal-encyclopedia.js
1:1  Warning: Assign object to a variable before exporting as module default  import/no-anonymous-default-export

./lib/quit-smoking-withdrawal-encyclopedia.ts
1:1  Warning: Assign object to a variable before exporting as module default  import/no-anonymous-default-export

info  - Need to disable some ESLint rules? Learn more here: https://nextjs.org/docs/app/api-reference/config/eslint#disabling-rules
   Collecting page data ...
 ⚠ Using edge runtime on a page currently disables static generation for that page
   Generating static pages (0/111) ...
Could not find files for /_error in .next/build-manifest.json
Could not find files for /_error in .next/build-manifest.json
Could not find files for /_error in .next/build-manifest.json
Could not find files for /_error in .next/build-manifest.json
getAllApps는 동기 함수입니다. getAllAppsAsync를 사용하세요.
TypeError: e[o] is not a function
    at Object.t [as require] (.next/server/webpack-runtime.js:1:127)
    at JSON.parse (<anonymous>)
Error occurred prerendering page "/_not-found". Read more: https://nextjs.org/docs/messages/prerender-error
TypeError: e[o] is not a function
    at Object.t [as require] (/Users/fire/Desktop/bionvibe2/.next/server/webpack-runtime.js:1:127)
    at require (/Users/fire/Desktop/bionvibe2/node_modules/next/dist/compiled/next-server/app-page.runtime.prod.js:131:7946)
    at u (/Users/fire/Desktop/bionvibe2/node_modules/next/dist/compiled/next-server/app-page.runtime.prod.js:36:646)
    at F (/Users/fire/Desktop/bionvibe2/node_modules/next/dist/compiled/next-server/app-page.runtime.prod.js:36:10477)
    at W (/Users/fire/Desktop/bionvibe2/node_modules/next/dist/compiled/next-server/app-page.runtime.prod.js:36:13033)
    at /Users/fire/Desktop/bionvibe2/node_modules/next/dist/compiled/next-server/app-page.runtime.prod.js:36:15283
    at Z._fromJSON (/Users/fire/Desktop/bionvibe2/node_modules/next/dist/compiled/next-server/app-page.runtime.prod.js:36:15317)
    at JSON.parse (<anonymous>)
    at D (/Users/fire/Desktop/bionvibe2/node_modules/next/dist/compiled/next-server/app-page.runtime.prod.js:36:10201)
    at M (/Users/fire/Desktop/bionvibe2/node_modules/next/dist/compiled/next-server/app-page.runtime.prod.js:36:9518)
Export encountered an error on /_not-found/page: /_not-found, exiting the build.
 ⨯ Static worker exited with code: 1 and signal: null
